O0OI0 = 3
IOOI00OO0OII0=OOOO0OIO0*I11I010O0
OIOI0 = 3
print(f(O0OI0))
II0I0OO1=OO1I01I00-5722
print(OIOI0)
