O0OI0 = f(1, 2, 3)
IO1000O1=6887*3717
OIOI0 = f(1, -2, 3)
O1OI011001100OI10I1OO1OI1 = f(1, 2, -(3))

I01O00O10=658*II0O0IO1III0
